stm32l0xx_hal_dac.c:277:19:HAL_DAC_Init	16	static
stm32l0xx_hal_dac.c:338:19:HAL_DAC_DeInit	16	static
stm32l0xx_hal_dac.c:383:13:HAL_DAC_MspInit	16	static
stm32l0xx_hal_dac.c:399:13:HAL_DAC_MspDeInit	16	static
stm32l0xx_hal_dac.c:442:26:HAL_DAC_Start	16	static
stm32l0xx_hal_dac.c:465:19:HAL_DAC_Stop	16	static
stm32l0xx_hal_dac.c:497:26:HAL_DAC_Start_DMA	24	static
stm32l0xx_hal_dac.c:523:26:HAL_DAC_Stop_DMA	16	static
stm32l0xx_hal_dac.c:546:17:HAL_DAC_GetValue	16	static
stm32l0xx_hal_dac.c:565:13:HAL_DAC_IRQHandler	16	static
stm32l0xx_hal_dac.c:581:13:HAL_DAC_ConvCpltCallbackCh1	16	static
stm32l0xx_hal_dac.c:597:13:HAL_DAC_ConvHalfCpltCallbackCh1	16	static
stm32l0xx_hal_dac.c:613:13:HAL_DAC_ErrorCallbackCh1	16	static
stm32l0xx_hal_dac.c:629:13:HAL_DAC_DMAUnderrunCallbackCh1	16	static
stm32l0xx_hal_dac.c:669:19:HAL_DAC_ConfigChannel	32	static
stm32l0xx_hal_dac.c:734:22:HAL_DAC_GetState	16	static
stm32l0xx_hal_dac.c:747:10:HAL_DAC_GetError	16	static
stm32l0xx_hal_dac.c:768:26:HAL_DAC_SetValue	24	static
