stm32l0xx_hal_msp.c:64:6:HAL_MspInit	0	static
stm32l0xx_hal_msp.c:86:6:HAL_ADC_MspInit	32	static
stm32l0xx_hal_msp.c:122:6:HAL_ADC_MspDeInit	8	static
stm32l0xx_hal_msp.c:153:6:HAL_DAC_MspInit	32	static
stm32l0xx_hal_msp.c:186:6:HAL_DAC_MspDeInit	8	static
stm32l0xx_hal_msp.c:214:6:HAL_TIM_Base_MspInit	0	static
stm32l0xx_hal_msp.c:236:6:HAL_TIM_Base_MspDeInit	0	static
stm32l0xx_hal_msp.c:258:6:HAL_UART_MspInit	32	static
stm32l0xx_hal_msp.c:294:6:HAL_UART_MspDeInit	8	static
stm32l0xx_hal_msp.c:323:6:HAL_PCD_MspInit	0	static
stm32l0xx_hal_msp.c:345:6:HAL_PCD_MspDeInit	0	static
