stm32l0xx_hal_dac.c:383:13:HAL_DAC_MspInit	0	static
stm32l0xx_hal_dac.c:277:19:HAL_DAC_Init	8	static
stm32l0xx_hal_dac.c:399:13:HAL_DAC_MspDeInit	0	static
stm32l0xx_hal_dac.c:338:19:HAL_DAC_DeInit	8	static
stm32l0xx_hal_dac.c:442:26:HAL_DAC_Start	0	static
stm32l0xx_hal_dac.c:465:19:HAL_DAC_Stop	12	static
stm32l0xx_hal_dac.c:497:26:HAL_DAC_Start_DMA	0	static
stm32l0xx_hal_dac.c:523:26:HAL_DAC_Stop_DMA	0	static
stm32l0xx_hal_dac.c:546:17:HAL_DAC_GetValue	0	static
stm32l0xx_hal_dac.c:565:13:HAL_DAC_IRQHandler	0	static
stm32l0xx_hal_dac.c:581:13:HAL_DAC_ConvCpltCallbackCh1	0	static
stm32l0xx_hal_dac.c:597:13:HAL_DAC_ConvHalfCpltCallbackCh1	0	static
stm32l0xx_hal_dac.c:613:13:HAL_DAC_ErrorCallbackCh1	0	static
stm32l0xx_hal_dac.c:629:13:HAL_DAC_DMAUnderrunCallbackCh1	0	static
stm32l0xx_hal_dac.c:669:19:HAL_DAC_ConfigChannel	12	static
stm32l0xx_hal_dac.c:734:22:HAL_DAC_GetState	0	static
stm32l0xx_hal_dac.c:747:10:HAL_DAC_GetError	0	static
stm32l0xx_hal_dac.c:768:26:HAL_DAC_SetValue	0	static
