gthr-default.h:229:1:int __gthread_key_delete(__gthread_key_t)	16	static
LCDController.cpp:13:1:LCDController::LCDController(GPIO_TypeDef*, uint16_t, uint16_t, uint16_t, uint16_t, uint16_t, uint16_t, uint16_t, uint16_t, uint16_t, uint16_t, uint16_t)	32	static
LCDController.cpp:40:6:void LCDController::init()	16	static
LCDController.cpp:55:6:void LCDController::setCursor(int, int)	40	static
LCDController.cpp:60:6:void LCDController::print(std::__cxx11::string)	24	static
LCDController.cpp:67:6:void LCDController::shift(int)	16	static
LCDController.cpp:71:6:void LCDController::shiftMultiple(int, int)	32	static
LCDController.cpp:78:6:void LCDController::rows(int)	16	static
LCDController.cpp:87:6:void LCDController::font(int)	16	static
LCDController.cpp:97:6:void LCDController::write(int, int)	32	static
LCDController.cpp:123:6:void LCDController::data(uint8_t)	16	static
LCDController.cpp:126:6:void LCDController::instruction(uint8_t)	16	static
LCDController.cpp:130:6:void LCDController::clear()	16	static
LCDController.cpp:134:6:void LCDController::home()	16	static
LCDController.cpp:139:6:void LCDController::str_at(const char*, uint8_t, uint8_t)	32	static
LCDController.cpp:147:6:void LCDController::row0(const char*, uint8_t)	24	static
LCDController.cpp:151:6:void LCDController::row1(const char*, uint8_t)	24	static
LCDController.cpp:155:6:void LCDController::str(const char*)	16	static
LCDController.cpp:159:6:void LCDController::on()	16	static
LCDController.cpp:164:6:void LCDController::off()	16	static
LCDController.cpp:168:6:void LCDController::cgram(uint8_t)	16	static
LCDController.cpp:172:7:void LCDController::ddram(uint8_t)	16	static
